// Jest Snapshot v1, https://goo.gl/fbAQLP

exports[`Klotty sends email 1`] = `
Object {
  "data": Object {
    "created_at": "123",
    "from": "bu@klotty.com",
    "id": "1234",
    "to": "zeno@klotty.com",
  },
}
`;

exports[`Klotty throws API key error 1`] = `"Missing API key. Pass it to the constructor \`new Klotty(\\"kl_123\\")\`"`;
