// Jest Snapshot v1, https://goo.gl/fbAQLP

exports[`Resend sends email 1`] = `undefined`;

exports[`Resend sends email with multiple bcc recipients 1`] = `undefined`;

exports[`Resend sends email with multiple cc recipients 1`] = `undefined`;

exports[`Resend sends email with multiple recipients 1`] = `undefined`;

exports[`Resend sends email with multiple replyTo emails 1`] = `undefined`;

exports[`Resend throws API key error 1`] = `"Missing API key. Pass it to the constructor \`new Resend("re_123")\`"`;
